\BOOKMARK [1][-]{section.1}{\376\377\000I\000n\000t\000r\000o\000d\000u\000c\000t\000i\000o\000n}{}% 1
\BOOKMARK [1][-]{section.2}{\376\377\000M\000i\000n\000i\000-\000B\000e\000h\000a\000v\000i\000o\000r\000-\000G\000r\000a\000n\000:\000\040\000A\000\040\000C\000o\000n\000t\000r\000o\000l\000l\000e\000d\000\040\000B\000e\000n\000c\000h\000m\000a\000r\000k\000\040\000f\000o\000r\000\040\000I\000n\000s\000t\000r\000u\000c\000t\000i\000o\000n\000\040\000G\000r\000a\000n\000u\000l\000a\000r\000i\000t\000y}{}% 2
\BOOKMARK [2][-]{subsection.2.1}{\376\377\000S\000h\000a\000r\000e\000d\000\040\000F\000e\000a\000t\000u\000r\000e\000\040\000S\000p\000a\000c\000e\000\040\000a\000n\000d\000\040\000S\000y\000m\000b\000o\000l\000i\000c\000\040\000L\000a\000y\000e\000r}{section.2}% 3
\BOOKMARK [2][-]{subsection.2.2}{\376\377\000R\000u\000l\000e\000-\000B\000a\000s\000e\000d\000\040\000I\000n\000s\000t\000r\000u\000c\000t\000i\000o\000n\000\040\000R\000e\000p\000r\000e\000s\000e\000n\000t\000a\000t\000i\000o\000n}{section.2}% 4
\BOOKMARK [2][-]{subsection.2.3}{\376\377\000D\000y\000n\000a\000m\000i\000c\000\040\000I\000n\000s\000t\000r\000u\000c\000t\000i\000o\000n\000\040\000G\000e\000n\000e\000r\000a\000t\000i\000o\000n}{section.2}% 5
\BOOKMARK [2][-]{subsection.2.4}{\376\377\000B\000e\000n\000c\000h\000m\000a\000r\000k\000\040\000A\000n\000a\000l\000y\000s\000i\000s}{section.2}% 6
\BOOKMARK [1][-]{section.3}{\376\377\000Q\000u\000a\000n\000t\000i\000f\000y\000i\000n\000g\000\040\000I\000n\000s\000t\000r\000u\000c\000t\000i\000o\000n\000\040\000G\000r\000a\000n\000u\000l\000a\000r\000i\000t\000y}{}% 7
\BOOKMARK [2][-]{subsection.3.1}{\376\377\000D\000e\000s\000i\000d\000e\000r\000a\000t\000a\000\040\000f\000o\000r\000\040\000C\000r\000o\000s\000s\000-\000T\000a\000s\000k\000\040\000G\000r\000a\000n\000u\000l\000a\000r\000i\000t\000y\000\040\000M\000e\000t\000r\000i\000c\000s}{section.3}% 8
\BOOKMARK [2][-]{subsection.3.2}{\376\377\000C\000a\000n\000d\000i\000d\000a\000t\000e\000\040\000M\000e\000t\000r\000i\000c\000s}{section.3}% 9
\BOOKMARK [2][-]{subsection.3.3}{\376\377\000I\000n\000s\000t\000a\000n\000t\000i\000a\000t\000i\000n\000g\000\040\000W\000i\000d\000t\000h\000\040\000i\000n\000\040\000M\000i\000n\000i\000-\000B\000E\000H\000A\000V\000I\000O\000R\000-\000G\000r\000a\000n}{section.3}% 10
\BOOKMARK [1][-]{section.4}{\376\377\000E\000x\000p\000e\000r\000i\000m\000e\000n\000t\000s}{}% 11
\BOOKMARK [2][-]{subsection.4.1}{\376\377\000E\000x\000p\000e\000r\000i\000m\000e\000n\000t\000a\000l\000\040\000S\000e\000t\000u\000p}{section.4}% 12
\BOOKMARK [2][-]{subsection.4.2}{\376\377\000R\000Q\0001\000:\000\040\000W\000h\000i\000c\000h\000\040\000m\000e\000t\000r\000i\000c\000\040\000b\000e\000s\000t\000\040\000c\000a\000p\000t\000u\000r\000e\000s\000\040\000i\000n\000s\000t\000r\000u\000c\000t\000i\000o\000n\000\040\000g\000r\000a\000n\000u\000l\000a\000r\000i\000t\000y\000?}{section.4}% 13
\BOOKMARK [2][-]{subsection.4.3}{\376\377\000R\000Q\0002\000:\000\040\000H\000o\000w\000\040\000d\000o\000e\000s\000\040\000a\000g\000e\000n\000t\000\040\000p\000e\000r\000f\000o\000r\000m\000a\000n\000c\000e\000\040\000v\000a\000r\000y\000\040\000a\000c\000r\000o\000s\000s\000\040\000i\000n\000s\000t\000r\000u\000c\000t\000i\000o\000n\000\040\000g\000r\000a\000n\000u\000l\000a\000r\000i\000t\000y\000?}{section.4}% 14
\BOOKMARK [2][-]{subsection.4.4}{\376\377\000R\000Q\0003\000:\000\040\000W\000h\000a\000t\000\040\000d\000r\000i\000v\000e\000s\000\040\000t\000h\000e\000\040\000o\000b\000s\000e\000r\000v\000e\000d\000\040\000U\000-\000s\000h\000a\000p\000e\000d\000\040\000e\000f\000f\000e\000c\000t\000?}{section.4}% 15
\BOOKMARK [2][-]{subsection.4.5}{\376\377\000R\000Q\0004\000:\000\040\000H\000o\000w\000\040\000r\000o\000b\000u\000s\000t\000\040\000i\000s\000\040\000t\000h\000i\000s\000\040\000e\000f\000f\000e\000c\000t\000\040\000a\000c\000r\000o\000s\000s\000\040\000t\000r\000a\000n\000s\000f\000e\000r\000\040\000a\000n\000d\000\040\000f\000a\000i\000l\000u\000r\000e\000\040\000s\000e\000t\000t\000i\000n\000g\000s\000?}{section.4}% 16
\BOOKMARK [1][-]{section.5}{\376\377\000R\000u\000l\000e\000\040\000W\000i\000d\000t\000h\000\040\000a\000s\000\040\000I\000n\000s\000t\000r\000u\000c\000t\000i\000o\000n\000\040\000G\000r\000a\000n\000u\000l\000a\000r\000i\000t\000y}{}% 17
\BOOKMARK [2][-]{subsection.5.1}{\376\377\000R\000u\000n\000n\000i\000n\000g\000\040\000E\000x\000a\000m\000p\000l\000e}{section.5}% 18
\BOOKMARK [2][-]{subsection.5.2}{\376\377\000S\000y\000m\000b\000o\000l\000i\000c\000\040\000T\000a\000s\000k\000\040\000R\000e\000p\000r\000e\000s\000e\000n\000t\000a\000t\000i\000o\000n}{section.5}% 19
\BOOKMARK [2][-]{subsection.5.3}{\376\377\000I\000n\000s\000t\000r\000u\000c\000t\000i\000o\000n\000s\000\040\000a\000s\000\040\000R\000u\000l\000e\000\040\000S\000e\000t\000s\000\040\000R}{section.5}% 20
\BOOKMARK [2][-]{subsection.5.4}{\376\377\000R\000u\000l\000e\000\040\000W\000i\000d\000t\000h\000\040\000a\000s\000\040\000a\000\040\000G\000r\000a\000n\000u\000l\000a\000r\000i\000t\000y\000\040\000M\000e\000a\000s\000u\000r\000e}{section.5}% 21
\BOOKMARK [1][-]{section.6}{\376\377\000M\000i\000n\000i\000-\000B\000E\000H\000A\000V\000I\000O\000R\000-\000G\000r\000a\000n\000\040\000B\000e\000n\000c\000h\000m\000a\000r\000k}{}% 22
\BOOKMARK [1][-]{section.7}{\376\377\000E\000x\000p\000e\000r\000i\000m\000e\000n\000t\000s}{}% 23
\BOOKMARK [2][-]{subsection.7.1}{\376\377\000E\000x\000p\000e\000r\000i\000m\000e\000n\000t\000a\000l\000\040\000S\000e\000t\000u\000p}{section.7}% 24
\BOOKMARK [2][-]{subsection.7.2}{\376\377\000E\000s\000t\000a\000b\000l\000i\000s\000h\000i\000n\000g\000\040\000t\000h\000e\000\040\000Y\000a\000r\000d\000s\000t\000i\000c\000k\000:\000\040\000D\000e\000c\000o\000u\000p\000l\000i\000n\000g\000\040\000H\000o\000r\000i\000z\000o\000n\000\040\000f\000r\000o\000m\000\040\000W\000i\000d\000t\000h}{section.7}% 25
\BOOKMARK [2][-]{subsection.7.3}{\376\377\000T\000h\000e\000\040\000U\000-\000S\000h\000a\000p\000e\000d\000\040\000P\000a\000r\000a\000d\000o\000x\000\040\000a\000n\000d\000\040\000C\000a\000p\000a\000c\000i\000t\000y\000\040\000C\000a\000p}{section.7}% 26
\BOOKMARK [2][-]{subsection.7.4}{\376\377\000M\000e\000c\000h\000a\000n\000i\000s\000t\000i\000c\000\040\000P\000r\000o\000b\000e\000:\000\040\000T\000h\000e\000\040\000G\000r\000o\000u\000n\000d\000i\000n\000g\000\040\000V\000a\000l\000l\000e\000y}{section.7}% 27
\BOOKMARK [2][-]{subsection.7.5}{\376\377\000O\000t\000h\000e\000r\000\040\000R\000e\000s\000u\000l\000t\000s}{section.7}% 28
\BOOKMARK [1][-]{section.8}{\376\377\000R\000e\000l\000a\000t\000e\000d\000\040\000W\000o\000r\000k}{}% 29
\BOOKMARK [1][-]{section.9}{\376\377\000C\000o\000n\000c\000l\000u\000s\000i\000o\000n}{}% 30
\BOOKMARK [1][-]{section.10}{\376\377\000L\000i\000m\000i\000t\000a\000t\000i\000o\000n\000s}{}% 31
\BOOKMARK [1][-]{appendix.A}{\376\377\000U\000s\000e\000\040\000o\000f\000\040\000L\000L\000M\000\040\000S\000t\000a\000t\000e\000m\000e\000n\000t}{}% 32
\BOOKMARK [1][-]{appendix.B}{\376\377\000T\000e\000c\000h\000n\000i\000c\000a\000l\000\040\000A\000p\000p\000e\000n\000d\000i\000x}{}% 33
\BOOKMARK [1][-]{appendix.C}{\376\377\000A\000n\000t\000i\000c\000i\000p\000a\000t\000o\000r\000y\000\040\000d\000e\000f\000e\000n\000s\000e\000\040\000o\000n\000\040\000t\000h\000e\000\040\000c\000h\000o\000i\000c\000e\000\040\000o\000f\000\040\000t\000e\000s\000t\000\040\000e\000n\000v\000i\000r\000o\000n\000m\000e\000n\000t\000s\000\040\000a\000n\000d\000\040\000m\000e\000t\000r\000i\000c\000s}{}% 34
\BOOKMARK [1][-]{appendix.D}{\376\377\000S\000y\000m\000b\000o\000l\000i\000c\000\040\000R\000e\000p\000r\000e\000s\000e\000n\000t\000a\000t\000i\000o\000n\000\040\000o\000f\000\040\000t\000h\000e\000\040\000E\000m\000b\000o\000d\000i\000e\000d\000\040\000T\000a\000s\000k}{}% 35
\BOOKMARK [1][-]{appendix.E}{\376\377\000D\000e\000t\000a\000i\000l\000s\000\040\000o\000f\000\040\000M\000i\000n\000i\000-\000B\000E\000H\000A\000V\000I\000O\000R\000\040\000E\000n\000v\000i\000r\000o\000n\000m\000e\000n\000t}{}% 36
\BOOKMARK [1][-]{appendix.F}{\376\377\000D\000e\000t\000a\000i\000l\000s\000\040\000o\000f\000\040\000M\000i\000n\000i\000-\000B\000E\000H\000A\000V\000I\000O\000R\000-\000G\000r\000a\000n\000\040\000E\000x\000t\000e\000n\000s\000i\000o\000n}{}% 37
\BOOKMARK [2][-]{subsection.F.1}{\376\377\000F\000e\000a\000t\000u\000r\000e\000\040\000C\000a\000t\000e\000g\000o\000r\000i\000e\000s}{appendix.F}% 38
\BOOKMARK [3][-]{subsubsection.F.1.1}{\376\377\000B\000o\000o\000l\000e\000a\000n\000\040\000S\000t\000a\000t\000e\000\040\000F\000e\000a\000t\000u\000r\000e\000s}{subsection.F.1}% 39
\BOOKMARK [3][-]{subsubsection.F.1.2}{\376\377\000Q\000u\000a\000n\000t\000i\000t\000a\000t\000i\000v\000e\000\040\000a\000n\000d\000\040\000S\000p\000a\000t\000i\000a\000l\000\040\000F\000e\000a\000t\000u\000r\000e\000s}{subsection.F.1}% 40
\BOOKMARK [2][-]{subsection.F.2}{\376\377\000C\000o\000u\000n\000t\000\040\000F\000u\000n\000c\000t\000i\000o\000n\000s}{appendix.F}% 41
\BOOKMARK [2][-]{subsection.F.3}{\376\377\000R\000e\000f\000e\000r\000e\000n\000c\000e\000\040\000P\000l\000a\000n\000\040\000G\000e\000n\000e\000r\000a\000t\000i\000o\000n\000\040\000a\000n\000d\000\040\000T\000a\000s\000k\000\040\000C\000o\000m\000p\000l\000e\000x\000i\000t\000y\000\040\000A\000n\000a\000l\000y\000s\000i\000s}{appendix.F}% 42
\BOOKMARK [1][-]{appendix.G}{\376\377\000R\000u\000l\000e\000\040\000S\000e\000t\000\040\000a\000n\000d\000\040\000N\000a\000t\000u\000r\000a\000l\000\040\000L\000a\000n\000g\000u\000a\000g\000e\000\040\000P\000r\000o\000m\000p\000t\000\040\000E\000x\000a\000m\000p\000l\000e\000s\000\040\000F\000o\000r\000\040\000D\000i\000f\000f\000e\000r\000e\000n\000t\000\040\000T\000a\000s\000k\000s}{}% 43
\BOOKMARK [2][-]{subsection.G.1}{\376\377\000T\000a\000s\000k\000\040\0001\000:\000\040\000L\000a\000y\000i\000n\000g\000\040\000W\000o\000o\000d\000\040\000F\000l\000o\000o\000r\000s}{appendix.G}% 44
\BOOKMARK [2][-]{subsection.G.2}{\376\377\000T\000a\000s\000k\000\040\0002\000:\000\040\000P\000r\000e\000p\000a\000r\000i\000n\000g\000\040\000S\000a\000l\000a\000d}{appendix.G}% 45
\BOOKMARK [2][-]{subsection.G.3}{\376\377\000T\000a\000s\000k\000\040\0003\000:\000\040\000C\000l\000e\000a\000n\000i\000n\000g\000\040\000U\000p\000\040\000t\000h\000e\000\040\000K\000i\000t\000c\000h\000e\000n\000\040\000O\000n\000l\000y}{appendix.G}% 46
\BOOKMARK [2][-]{subsection.G.4}{\376\377\000T\000a\000s\000k\000\040\0004\000:\000\040\000O\000r\000g\000a\000n\000i\000z\000i\000n\000g\000\040\000F\000i\000l\000e\000\040\000C\000a\000b\000i\000n\000e\000t}{appendix.G}% 47
\BOOKMARK [2][-]{subsection.G.5}{\376\377\000T\000a\000s\000k\000\040\0005\000:\000\040\000T\000h\000a\000w\000i\000n\000g\000\040\000F\000r\000o\000z\000e\000n\000\040\000F\000o\000o\000d}{appendix.G}% 48
\BOOKMARK [2][-]{subsection.G.6}{\376\377\000T\000a\000s\000k\000\040\0006\000:\000\040\000M\000a\000k\000i\000n\000g\000\040\000T\000e\000a}{appendix.G}% 49
\BOOKMARK [2][-]{subsection.G.7}{\376\377\000T\000a\000s\000k\000\040\0007\000:\000\040\000O\000p\000e\000n\000i\000n\000g\000\040\000P\000a\000c\000k\000a\000g\000e\000s}{appendix.G}% 50
\BOOKMARK [2][-]{subsection.G.8}{\376\377\000T\000a\000s\000k\000\040\0008\000:\000\040\000B\000o\000x\000i\000n\000g\000\040\000B\000o\000o\000k\000s\000\040\000U\000p\000\040\000f\000o\000r\000\040\000S\000t\000o\000r\000a\000g\000e}{appendix.G}% 51
\BOOKMARK [2][-]{subsection.G.9}{\376\377\000T\000a\000s\000k\000\040\0009\000:\000\040\000C\000o\000l\000l\000e\000c\000t\000\040\000M\000i\000s\000p\000l\000a\000c\000e\000d\000\040\000I\000t\000e\000m\000s}{appendix.G}% 52
\BOOKMARK [2][-]{subsection.G.10}{\376\377\000T\000a\000s\000k\000\040\0001\0000\000:\000\040\000P\000u\000t\000t\000i\000n\000g\000\040\000A\000w\000a\000y\000\040\000D\000i\000s\000h\000e\000s\000\040\000A\000f\000t\000e\000r\000\040\000C\000l\000e\000a\000n\000i\000n\000g}{appendix.G}% 53
\BOOKMARK [2][-]{subsection.G.11}{\376\377\000I\000n\000s\000t\000r\000u\000c\000t\000i\000o\000n\000\040\000G\000e\000n\000e\000r\000a\000t\000i\000o\000n\000\040\000S\000t\000a\000t\000i\000s\000t\000i\000c\000s}{appendix.G}% 54
\BOOKMARK [1][-]{appendix.H}{\376\377\000I\000m\000p\000l\000e\000m\000e\000n\000t\000a\000t\000i\000o\000n\000\040\000D\000e\000t\000a\000i\000l\000s}{}% 55
\BOOKMARK [2][-]{subsection.H.1}{\376\377\000M\000o\000d\000e\000l\000\040\000A\000r\000c\000h\000i\000t\000e\000c\000t\000u\000r\000e}{appendix.H}% 56
\BOOKMARK [2][-]{subsection.H.2}{\376\377\000T\000r\000a\000i\000n\000i\000n\000g\000\040\000C\000o\000n\000f\000i\000g\000u\000r\000a\000t\000i\000o\000n}{appendix.H}% 57
\BOOKMARK [1][-]{appendix.I}{\376\377\000A\000d\000d\000i\000t\000i\000o\000n\000a\000l\000\040\000E\000x\000p\000e\000r\000i\000m\000e\000n\000t\000a\000l\000\040\000R\000e\000s\000u\000l\000t\000s}{}% 58
\BOOKMARK [2][-]{subsection.I.1}{\376\377\000D\000e\000t\000a\000i\000l\000e\000d\000\040\000T\000a\000s\000k\000\040\000P\000e\000r\000f\000o\000r\000m\000a\000n\000c\000e}{appendix.I}% 59
\BOOKMARK [2][-]{subsection.I.2}{\376\377\000F\000a\000i\000l\000u\000r\000e\000\040\000A\000n\000a\000l\000y\000s\000i\000s}{appendix.I}% 60
\BOOKMARK [2][-]{subsection.I.3}{\376\377\000M\000o\000r\000e\000\040\000P\000l\000o\000t\000s\000\040\000f\000o\000r\000\040\000W\000i\000d\000t\000h\000\040\000v\000s\000.\000\040\000O\000t\000h\000e\000r\000\040\000L\000i\000n\000g\000u\000i\000s\000t\000i\000c\000\040\000H\000e\000u\000r\000i\000s\000t\000i\000c\000s\000\040\000a\000s\000\040\000M\000e\000t\000r\000i\000c\000\040\000f\000o\000r\000\040\000L\000a\000n\000g\000u\000a\000g\000e\000\040\000G\000r\000o\000u\000n\000d\000i\000n\000g\000\040\000C\000o\000m\000p\000l\000e\000x\000i\000t\000y}{appendix.I}% 61
\BOOKMARK [2][-]{subsection.I.4}{\376\377\000V\000L\000A\000\040\000T\000r\000a\000n\000s\000f\000o\000r\000m\000e\000r\000\040\000A\000t\000t\000e\000n\000t\000i\000o\000n\000\040\000W\000e\000i\000g\000h\000t\000\040\000V\000i\000s\000u\000a\000l\000i\000z\000a\000t\000i\000o\000n}{appendix.I}% 62
\BOOKMARK [2][-]{subsection.I.5}{\376\377\000S\000a\000m\000p\000l\000e\000\040\000G\000e\000n\000e\000r\000a\000t\000e\000d\000\040\000I\000n\000s\000t\000r\000u\000c\000t\000i\000o\000n\000s\000\040\000b\000y\000\040\000G\000r\000a\000n\000u\000l\000a\000r\000i\000t\000y}{appendix.I}% 63
